Java HotSpot(TM) 64-Bit Server VM (25.201-b09) for windows-amd64 JRE (1.8.0_201-b09), built on Dec 15 2018 18:36:39 by "java_re" with MS VC++ 10.0 (VS2010)
Memory: 4k page, physical 16522052k(8303100k free), swap 19012420k(8001912k free)
CommandLine flags: -XX:InitialHeapSize=264352832 -XX:MaxHeapSize=4229645312 -XX:MaxNewSize=697933824 -XX:MaxTenuringThreshold=6 -XX:OldPLABSize=16 -XX:+PrintGC -XX:+PrintGCDateStamps -XX:+PrintGCDetails -XX:+PrintGCTimeStamps -XX:+UseCompressedClassPointers -XX:+UseCompressedOops -XX:+UseConcMarkSweepGC -XX:-UseLargePagesIndividualAllocation -XX:+UseParNewGC 
2020-10-28T22:16:11.091+0800: 0.662: [GC (Allocation Failure) 2020-10-28T22:16:11.091+0800: 0.662: [ParNew: 69376K->4403K(78016K), 0.0110068 secs] 69376K->4403K(251456K), 0.0113640 secs] [Times: user=0.05 sys=0.00, real=0.01 secs] 
2020-10-28T22:16:11.556+0800: 1.127: [GC (Allocation Failure) 2020-10-28T22:16:11.556+0800: 1.127: [ParNew: 73740K->3342K(78016K), 0.0060544 secs] 73740K->5726K(251456K), 0.0061130 secs] [Times: user=0.00 sys=0.01, real=0.01 secs] 
2020-10-28T22:16:11.668+0800: 1.235: [GC (Allocation Failure) 2020-10-28T22:16:11.668+0800: 1.235: [ParNew: 72718K->3025K(78016K), 0.0091406 secs] 75102K->5410K(251456K), 0.0091988 secs] [Times: user=0.00 sys=0.00, real=0.01 secs] 
2020-10-28T22:16:11.768+0800: 1.338: [GC (Allocation Failure) 2020-10-28T22:16:11.768+0800: 1.338: [ParNew: 72401K->3175K(78016K), 0.0016951 secs] 74786K->5559K(251456K), 0.0017597 secs] [Times: user=0.00 sys=0.00, real=0.00 secs] 
2020-10-28T22:16:11.906+0800: 1.474: [GC (Allocation Failure) 2020-10-28T22:16:11.906+0800: 1.474: [ParNew: 72551K->4026K(78016K), 0.0017860 secs] 74935K->6410K(251456K), 0.0018568 secs] [Times: user=0.00 sys=0.00, real=0.00 secs] 
2020-10-28T22:16:12.036+0800: 1.606: [GC (Allocation Failure) 2020-10-28T22:16:12.036+0800: 1.606: [ParNew: 73402K->5053K(78016K), 0.0026809 secs] 75786K->7437K(251456K), 0.0027438 secs] [Times: user=0.00 sys=0.00, real=0.00 secs] 
2020-10-28T22:16:12.186+0800: 1.760: [GC (Allocation Failure) 2020-10-28T22:16:12.186+0800: 1.760: [ParNew: 74429K->5865K(78016K), 0.0028962 secs] 76813K->8249K(251456K), 0.0029619 secs] [Times: user=0.00 sys=0.00, real=0.01 secs] 
2020-10-28T22:16:12.196+0800: 1.763: [GC (CMS Initial Mark) [1 CMS-initial-mark: 2384K(173440K)] 9118K(251456K), 0.0008306 secs] [Times: user=0.00 sys=0.00, real=0.00 secs] 
2020-10-28T22:16:12.196+0800: 1.764: [CMS-concurrent-mark-start]
2020-10-28T22:16:12.196+0800: 1.766: [CMS-concurrent-mark: 0.002/0.002 secs] [Times: user=0.00 sys=0.00, real=0.00 secs] 
2020-10-28T22:16:12.196+0800: 1.766: [CMS-concurrent-preclean-start]
2020-10-28T22:16:12.196+0800: 1.767: [CMS-concurrent-preclean: 0.001/0.001 secs] [Times: user=0.00 sys=0.00, real=0.00 secs] 
2020-10-28T22:16:12.196+0800: 1.767: [GC (CMS Final Remark) [YG occupancy: 6734 K (78016 K)]2020-10-28T22:16:12.196+0800: 1.767: [Rescan (parallel) , 0.0009984 secs]2020-10-28T22:16:12.196+0800: 1.768: [weak refs processing, 0.0000213 secs]2020-10-28T22:16:12.196+0800: 1.768: [class unloading, 0.0022763 secs]2020-10-28T22:16:12.196+0800: 1.771: [scrub symbol table, 0.0018930 secs]2020-10-28T22:16:12.206+0800: 1.773: [scrub string table, 0.0002318 secs][1 CMS-remark: 2384K(173440K)] 9118K(251456K), 0.0058755 secs] [Times: user=0.03 sys=0.00, real=0.01 secs] 
2020-10-28T22:16:12.215+0800: 1.781: [CMS-concurrent-sweep-start]
2020-10-28T22:16:12.215+0800: 1.782: [CMS-concurrent-sweep: 0.001/0.001 secs] [Times: user=0.00 sys=0.00, real=0.00 secs] 
2020-10-28T22:16:12.215+0800: 1.782: [CMS-concurrent-reset-start]
2020-10-28T22:16:12.226+0800: 1.795: [CMS-concurrent-reset: 0.012/0.012 secs] [Times: user=0.05 sys=0.02, real=0.01 secs] 
2020-10-28T22:16:12.696+0800: 2.268: [GC (Allocation Failure) 2020-10-28T22:16:12.696+0800: 2.268: [ParNew: 75241K->4966K(78016K), 0.0031219 secs] 77590K->8089K(251456K), 0.0031920 secs] [Times: user=0.00 sys=0.00, real=0.00 secs] 
2020-10-28T22:16:12.856+0800: 2.426: [GC (Allocation Failure) 2020-10-28T22:16:12.856+0800: 2.426: [ParNew: 74342K->7317K(78016K), 0.0023983 secs] 77465K->10441K(251456K), 0.0024987 secs] [Times: user=0.00 sys=0.00, real=0.00 secs] 
2020-10-28T22:16:12.976+0800: 2.543: [GC (Allocation Failure) 2020-10-28T22:16:12.976+0800: 2.543: [ParNew: 76693K->6139K(78016K), 0.0034245 secs] 79817K->10316K(251456K), 0.0034923 secs] [Times: user=0.00 sys=0.00, real=0.00 secs] 
2020-10-28T22:16:13.106+0800: 2.681: [GC (Allocation Failure) 2020-10-28T22:16:13.106+0800: 2.681: [ParNew: 75515K->6469K(78016K), 0.0031789 secs] 79692K->11624K(251456K), 0.0032363 secs] [Times: user=0.00 sys=0.00, real=0.01 secs] 
2020-10-28T22:16:13.256+0800: 2.825: [GC (Allocation Failure) 2020-10-28T22:16:13.256+0800: 2.825: [ParNew: 75845K->7487K(78016K), 0.0029251 secs] 81000K->12641K(251456K), 0.0029845 secs] [Times: user=0.00 sys=0.00, real=0.00 secs] 
2020-10-28T22:16:13.470+0800: 3.041: [GC (Allocation Failure) 2020-10-28T22:16:13.470+0800: 3.041: [ParNew: 76863K->8495K(78016K), 0.0037543 secs] 82017K->14288K(251456K), 0.0038276 secs] [Times: user=0.00 sys=0.00, real=0.01 secs] 
2020-10-28T22:16:13.776+0800: 3.346: [GC (Allocation Failure) 2020-10-28T22:16:13.776+0800: 3.346: [ParNew: 77871K->7453K(78016K), 0.0037602 secs] 83664K->14598K(251456K), 0.0038305 secs] [Times: user=0.13 sys=0.00, real=0.01 secs] 
2020-10-28T22:16:13.902+0800: 3.472: [GC (Allocation Failure) 2020-10-28T22:16:13.902+0800: 3.472: [ParNew: 76829K->5236K(78016K), 0.0039902 secs] 83974K->14023K(251456K), 0.0040682 secs] [Times: user=0.00 sys=0.00, real=0.00 secs] 
2020-10-28T22:16:14.006+0800: 3.581: [GC (Allocation Failure) 2020-10-28T22:16:14.006+0800: 3.581: [ParNew: 74612K->6379K(78016K), 0.0029809 secs] 83399K->15167K(251456K), 0.0030540 secs] [Times: user=0.13 sys=0.00, real=0.01 secs] 
2020-10-28T22:16:14.344+0800: 3.912: [GC (Allocation Failure) 2020-10-28T22:16:14.344+0800: 3.912: [ParNew: 75755K->8640K(78016K), 0.0044124 secs] 84543K->18637K(251456K), 0.0044751 secs] [Times: user=0.00 sys=0.00, real=0.00 secs] 
2020-10-28T22:16:14.566+0800: 4.136: [GC (Allocation Failure) 2020-10-28T22:16:14.566+0800: 4.136: [ParNew: 78016K->8640K(78016K), 0.0080681 secs] 88013K->23776K(251456K), 0.0081400 secs] [Times: user=0.03 sys=0.00, real=0.01 secs] 
2020-10-28T22:16:14.761+0800: 4.331: [GC (Allocation Failure) 2020-10-28T22:16:14.761+0800: 4.331: [ParNew: 78016K->3702K(78016K), 0.0034610 secs] 93152K->22789K(251456K), 0.0035352 secs] [Times: user=0.13 sys=0.00, real=0.01 secs] 
2020-10-28T22:16:15.091+0800: 4.658: [GC (Allocation Failure) 2020-10-28T22:16:15.091+0800: 4.658: [ParNew: 73078K->5833K(78016K), 0.0025805 secs] 92165K->24920K(251456K), 0.0026563 secs] [Times: user=0.00 sys=0.00, real=0.00 secs] 
2020-10-28T22:16:15.196+0800: 4.762: [GC (Allocation Failure) 2020-10-28T22:16:15.196+0800: 4.762: [ParNew: 75209K->4453K(78016K), 0.0028410 secs] 94296K->24456K(251456K), 0.0029256 secs] [Times: user=0.00 sys=0.00, real=0.00 secs] 
2020-10-28T22:16:15.354+0800: 4.922: [GC (Allocation Failure) 2020-10-28T22:16:15.354+0800: 4.922: [ParNew: 73829K->4824K(78016K), 0.0023917 secs] 93832K->24827K(251456K), 0.0024752 secs] [Times: user=0.03 sys=0.02, real=0.00 secs] 
2020-10-28T22:16:15.549+0800: 5.117: [GC (Allocation Failure) 2020-10-28T22:16:15.549+0800: 5.117: [ParNew: 74200K->5963K(78016K), 0.0024425 secs] 94203K->25966K(251456K), 0.0025084 secs] [Times: user=0.00 sys=0.00, real=0.00 secs] 
2020-10-28T22:16:15.740+0800: 5.307: [GC (Allocation Failure) 2020-10-28T22:16:15.740+0800: 5.307: [ParNew: 75339K->6476K(78016K), 0.0027296 secs] 95342K->26479K(251456K), 0.0028092 secs] [Times: user=0.00 sys=0.00, real=0.00 secs] 
2020-10-28T22:16:16.041+0800: 5.608: [GC (Allocation Failure) 2020-10-28T22:16:16.041+0800: 5.608: [ParNew: 75852K->6564K(78016K), 0.0036399 secs] 95855K->27638K(251456K), 0.0037043 secs] [Times: user=0.13 sys=0.00, real=0.00 secs] 
2020-10-28T22:16:16.043+0800: 5.611: [GC (CMS Initial Mark) [1 CMS-initial-mark: 21073K(173440K)] 28993K(251456K), 0.0008559 secs] [Times: user=0.00 sys=0.00, real=0.00 secs] 
2020-10-28T22:16:16.046+0800: 5.612: [CMS-concurrent-mark-start]
2020-10-28T22:16:16.064+0800: 5.632: [CMS-concurrent-mark: 0.015/0.019 secs] [Times: user=0.06 sys=0.00, real=0.02 secs] 
2020-10-28T22:16:16.064+0800: 5.632: [CMS-concurrent-preclean-start]
2020-10-28T22:16:16.066+0800: 5.633: [CMS-concurrent-preclean: 0.001/0.001 secs] [Times: user=0.00 sys=0.00, real=0.00 secs] 
2020-10-28T22:16:16.066+0800: 5.633: [CMS-concurrent-abortable-preclean-start]
2020-10-28T22:16:16.163+0800: 5.731: [GC (Allocation Failure) 2020-10-28T22:16:16.165+0800: 5.731: [ParNew: 75940K->4654K(78016K), 0.0035099 secs] 97014K->27308K(251456K), 0.0035974 secs] [Times: user=0.00 sys=0.00, real=0.00 secs] 
2020-10-28T22:16:16.246+0800: 5.815: [CMS-concurrent-abortable-preclean: 0.150/0.182 secs] [Times: user=0.83 sys=0.03, real=0.18 secs] 
2020-10-28T22:16:16.246+0800: 5.815: [GC (CMS Final Remark) [YG occupancy: 47876 K (78016 K)]2020-10-28T22:16:16.246+0800: 5.815: [Rescan (parallel) , 0.0037576 secs]2020-10-28T22:16:16.251+0800: 5.818: [weak refs processing, 0.0000209 secs]2020-10-28T22:16:16.251+0800: 5.819: [class unloading, 0.0046647 secs]2020-10-28T22:16:16.256+0800: 5.823: [scrub symbol table, 0.0059862 secs]2020-10-28T22:16:16.261+0800: 5.829: [scrub string table, 0.0004677 secs][1 CMS-remark: 22653K(173440K)] 70529K(251456K), 0.0153104 secs] [Times: user=0.06 sys=0.00, real=0.02 secs] 
2020-10-28T22:16:16.264+0800: 5.830: [CMS-concurrent-sweep-start]
2020-10-28T22:16:16.266+0800: 5.837: [CMS-concurrent-sweep: 0.006/0.006 secs] [Times: user=0.00 sys=0.00, real=0.00 secs] 
2020-10-28T22:16:16.266+0800: 5.837: [CMS-concurrent-reset-start]
2020-10-28T22:16:16.271+0800: 5.840: [CMS-concurrent-reset: 0.003/0.003 secs] [Times: user=0.00 sys=0.00, real=0.01 secs] 
2020-10-28T22:16:16.306+0800: 5.873: [GC (Allocation Failure) 2020-10-28T22:16:16.306+0800: 5.873: [ParNew: 74030K->5640K(78016K), 0.0029721 secs] 94509K->26457K(251456K), 0.0030797 secs] [Times: user=0.00 sys=0.00, real=0.00 secs] 
2020-10-28T22:16:16.428+0800: 5.998: [GC (Allocation Failure) 2020-10-28T22:16:16.428+0800: 5.998: [ParNew: 75016K->5776K(78016K), 0.0028953 secs] 95833K->27072K(251456K), 0.0029739 secs] [Times: user=0.00 sys=0.00, real=0.00 secs] 
2020-10-28T22:16:16.538+0800: 6.109: [GC (Allocation Failure) 2020-10-28T22:16:16.538+0800: 6.109: [ParNew: 75152K->6103K(78016K), 0.0054498 secs] 96448K->27706K(251456K), 0.0055436 secs] [Times: user=0.13 sys=0.00, real=0.01 secs] 
2020-10-28T22:16:16.629+0800: 6.199: [GC (Allocation Failure) 2020-10-28T22:16:16.629+0800: 6.199: [ParNew: 75479K->5848K(78016K), 0.0029675 secs] 97082K->27839K(251456K), 0.0030593 secs] [Times: user=0.00 sys=0.00, real=0.01 secs] 
2020-10-28T22:16:16.811+0800: 6.379: [GC (Allocation Failure) 2020-10-28T22:16:16.811+0800: 6.379: [ParNew: 75224K->6207K(78016K), 0.0033289 secs] 97215K->29153K(251456K), 0.0034098 secs] [Times: user=0.00 sys=0.00, real=0.00 secs] 
2020-10-28T22:16:16.902+0800: 6.472: [GC (Allocation Failure) 2020-10-28T22:16:16.902+0800: 6.472: [ParNew: 75583K->5350K(78016K), 0.0040286 secs] 98529K->28733K(251456K), 0.0041561 secs] [Times: user=0.09 sys=0.00, real=0.00 secs] 
2020-10-28T22:16:17.003+0800: 6.570: [GC (Allocation Failure) 2020-10-28T22:16:17.003+0800: 6.570: [ParNew: 74726K->4367K(78016K), 0.0031578 secs] 98109K->28804K(251456K), 0.0032340 secs] [Times: user=0.00 sys=0.00, real=0.00 secs] 
2020-10-28T22:16:17.426+0800: 6.996: [GC (Allocation Failure) 2020-10-28T22:16:17.426+0800: 6.996: [ParNew: 73743K->6144K(78016K), 0.0033363 secs] 98180K->31217K(251456K), 0.0034070 secs] [Times: user=0.00 sys=0.00, real=0.00 secs] 
2020-10-28T22:16:17.826+0800: 7.393: [GC (Allocation Failure) 2020-10-28T22:16:17.826+0800: 7.393: [ParNew: 75520K->5954K(78016K), 0.0033356 secs] 100593K->31543K(251456K), 0.0034099 secs] [Times: user=0.00 sys=0.00, real=0.00 secs] 
2020-10-28T22:16:17.940+0800: 7.508: [GC (Allocation Failure) 2020-10-28T22:16:17.940+0800: 7.508: [ParNew: 75330K->6847K(78016K), 0.0034236 secs] 100919K->32930K(251456K), 0.0035105 secs] [Times: user=0.00 sys=0.00, real=0.00 secs] 
2020-10-28T22:16:18.023+0800: 7.590: [GC (Allocation Failure) 2020-10-28T22:16:18.023+0800: 7.590: [ParNew: 76223K->6344K(78016K), 0.0030004 secs] 102306K->33128K(251456K), 0.0030885 secs] [Times: user=0.00 sys=0.00, real=0.00 secs] 
2020-10-28T22:16:18.106+0800: 7.674: [GC (Allocation Failure) 2020-10-28T22:16:18.106+0800: 7.674: [ParNew: 75720K->6740K(78016K), 0.0031671 secs] 102504K->33985K(251456K), 0.0032474 secs] [Times: user=0.00 sys=0.00, real=0.01 secs] 
2020-10-28T22:16:18.225+0800: 7.792: [GC (Allocation Failure) 2020-10-28T22:16:18.225+0800: 7.792: [ParNew: 76116K->6778K(78016K), 0.0036084 secs] 103361K->34616K(251456K), 0.0036791 secs] [Times: user=0.00 sys=0.00, real=0.00 secs] 
2020-10-28T22:16:18.411+0800: 7.978: [GC (Allocation Failure) 2020-10-28T22:16:18.411+0800: 7.978: [ParNew: 76154K->6919K(78016K), 0.0044137 secs] 103992K->35763K(251456K), 0.0044843 secs] [Times: user=0.00 sys=0.00, real=0.00 secs] 
2020-10-28T22:16:18.506+0800: 8.073: [GC (Allocation Failure) 2020-10-28T22:16:18.506+0800: 8.073: [ParNew: 76295K->6303K(78016K), 0.0036771 secs] 105139K->36079K(251456K), 0.0037510 secs] [Times: user=0.00 sys=0.00, real=0.00 secs] 
2020-10-28T22:16:18.689+0800: 8.255: [GC (Allocation Failure) 2020-10-28T22:16:18.689+0800: 8.256: [ParNew: 75679K->6545K(78016K), 0.0038935 secs] 105455K->37019K(251456K), 0.0039622 secs] [Times: user=0.00 sys=0.00, real=0.00 secs] 
2020-10-28T22:16:19.270+0800: 8.838: [GC (Allocation Failure) 2020-10-28T22:16:19.270+0800: 8.838: [ParNew: 75921K->7402K(78016K), 0.0041003 secs] 106395K->38369K(251456K), 0.0041673 secs] [Times: user=0.00 sys=0.00, real=0.01 secs] 
2020-10-28T22:16:19.459+0800: 9.026: [GC (Allocation Failure) 2020-10-28T22:16:19.459+0800: 9.026: [ParNew: 76778K->6005K(78016K), 0.0049515 secs] 107745K->39685K(251456K), 0.0050429 secs] [Times: user=0.00 sys=0.00, real=0.00 secs] 
2020-10-28T22:16:19.661+0800: 9.227: [GC (Allocation Failure) 2020-10-28T22:16:19.661+0800: 9.227: [ParNew: 75381K->5201K(78016K), 0.0023884 secs] 109061K->38881K(251456K), 0.0024705 secs] [Times: user=0.00 sys=0.00, real=0.00 secs] 
Heap
 par new generation   total 78016K, used 29847K [0x00000006c3e00000, 0x00000006c92a0000, 0x00000006ed790000)
  eden space 69376K,  35% used [0x00000006c3e00000, 0x00000006c56115b0, 0x00000006c81c0000)
  from space 8640K,  60% used [0x00000006c8a30000, 0x00000006c8f44678, 0x00000006c92a0000)
  to   space 8640K,   0% used [0x00000006c81c0000, 0x00000006c81c0000, 0x00000006c8a30000)
 concurrent mark-sweep generation total 173440K, used 33679K [0x00000006ed790000, 0x00000006f80f0000, 0x00000007c0000000)
 Metaspace       used 47282K, capacity 47962K, committed 48320K, reserved 1091584K
  class space    used 6062K, capacity 6252K, committed 6344K, reserved 1048576K

CMS不指定年轻代收集器默认用ParNewGC(第三行最后可得知),
